2026-06-03T00:04:29.363+03:00  WARN 12060 --- [map-service] [http-nio-8080-exec-8] .m.m.a.ExceptionHandlerExceptionResolver : Resolved [org.springframework.web.method.annotation.MethodArgumentTypeMismatchException: Method parameter 'officeId': Failed to convert value of type 'java.lang.String' to required type 'java.lang.Long'; For input string: "undefined"]
2026-06-03T00:04:29.425+03:00  WARN 12060 --- [map-service] [http-nio-8080-exec-9] .m.m.a.ExceptionHandlerExceptionResolver : Resolved [org.springframework.web.method.annotation.MethodArgumentTypeMismatchException: Method parameter 'officeId': Failed to convert value of type 'java.lang.String' to required type 'java.lang.Long'; For input string: "undefined"]
2026-06-03T00:17:00.870+03:00  INFO 12060 --- [map-service] [SpringApplicationShutdownHook] o.s.b.w.e.tomcat.GracefulShutdown        : Commencing graceful shutdown. Waiting for active requests to complete
2026-06-03T00:17:00.875+03:00  INFO 12060 --- [map-service] [tomcat-shutdown] o.s.b.w.e.tomcat.GracefulShutdown        : Graceful shutdown complete
2026-06-03T00:17:00.883+03:00  INFO 12060 --- [map-service] [SpringApplicationShutdownHook] j.LocalContainerEntityManagerFactoryBean : Closing JPA EntityManagerFactory for persistence unit 'default'
2026-06-03T00:17:00.887+03:00  INFO 12060 --- [map-service] [SpringApplicationShutdownHook] com.zaxxer.hikari.HikariDataSource       : HikariPool-1 - Shutdown initiated...
2026-06-03T00:17:00.895+03:00  INFO 12060 --- [map-service] [SpringApplicationShutdownHook] com.zaxxer.hikari.HikariDataSource       : HikariPool-1 - Shutdown completed.
2026-06-03T00:17:05.715+03:00  INFO 21352 --- [map-service] [restartedMain] c.t1.map_service.MapServiceApplication   : Starting MapServiceApplication using Java 21.0.10 with PID 21352 (C:\Users\artur\Desktop\Artur\js\1T_projects\office-map-project\back\map-service\target\classes started by artur in C:\Users\artur\Desktop\Artur\js\1T_projects\office-map-project\back\map-service)
2026-06-03T00:17:05.717+03:00  INFO 21352 --- [map-service] [restartedMain] c.t1.map_service.MapServiceApplication   : No active profile set, falling back to 1 default profile: "default"
2026-06-03T00:17:05.761+03:00  INFO 21352 --- [map-service] [restartedMain] .e.DevToolsPropertyDefaultsPostProcessor : Devtools property defaults active! Set 'spring.devtools.add-properties' to 'false' to disable
2026-06-03T00:17:05.761+03:00  INFO 21352 --- [map-service] [restartedMain] .e.DevToolsPropertyDefaultsPostProcessor : For additional web related logging consider setting the 'logging.level.web' property to 'DEBUG'
2026-06-03T00:17:06.906+03:00  INFO 21352 --- [map-service] [restartedMain] .s.d.r.c.RepositoryConfigurationDelegate : Bootstrapping Spring Data JPA repositories in DEFAULT mode.
2026-06-03T00:17:06.992+03:00  INFO 21352 --- [map-service] [restartedMain] .s.d.r.c.RepositoryConfigurationDelegate : Finished Spring Data repository scanning in 79 ms. Found 8 JPA repository interfaces.
2026-06-03T00:17:07.611+03:00  INFO 21352 --- [map-service] [restartedMain] o.s.b.w.embedded.tomcat.TomcatWebServer  : Tomcat initialized with port 8080 (http)
2026-06-03T00:17:07.765+03:00  INFO 21352 --- [map-service] [restartedMain] o.apache.catalina.core.StandardService   : Starting service [Tomcat]
2026-06-03T00:17:07.766+03:00  INFO 21352 --- [map-service] [restartedMain] o.apache.catalina.core.StandardEngine    : Starting Servlet engine: [Apache Tomcat/10.1.43]
2026-06-03T00:17:07.824+03:00  INFO 21352 --- [map-service] [restartedMain] o.a.c.c.C.[Tomcat].[localhost].[/]       : Initializing Spring embedded WebApplicationContext
2026-06-03T00:17:07.825+03:00  INFO 21352 --- [map-service] [restartedMain] w.s.c.ServletWebServerApplicationContext : Root WebApplicationContext: initialization completed in 2063 ms
2026-06-03T00:17:08.178+03:00  INFO 21352 --- [map-service] [restartedMain] com.zaxxer.hikari.HikariDataSource       : HikariPool-1 - Starting...
2026-06-03T00:17:08.310+03:00  INFO 21352 --- [map-service] [restartedMain] com.zaxxer.hikari.pool.HikariPool        : HikariPool-1 - Added connection org.postgresql.jdbc.PgConnection@710a574b
2026-06-03T00:17:08.311+03:00  INFO 21352 --- [map-service] [restartedMain] com.zaxxer.hikari.HikariDataSource       : HikariPool-1 - Start completed.
2026-06-03T00:17:08.331+03:00  INFO 21352 --- [map-service] [restartedMain] org.flywaydb.core.FlywayExecutor         : Database: jdbc:postgresql://localhost:5432/office_map (PostgreSQL 18.1)
2026-06-03T00:17:08.343+03:00  WARN 21352 --- [map-service] [restartedMain] o.f.c.internal.database.base.Database    : Flyway upgrade recommended: PostgreSQL 18.1 is newer than this version of Flyway and support has not been tested. The latest supported version of PostgreSQL is 17.
2026-06-03T00:17:08.380+03:00  INFO 21352 --- [map-service] [restartedMain] o.f.core.internal.command.DbValidate     : Successfully validated 11 migrations (execution time 00:00.027s)
2026-06-03T00:17:08.440+03:00  INFO 21352 --- [map-service] [restartedMain] o.f.core.internal.command.DbMigrate      : Current version of schema "public": 11
2026-06-03T00:17:08.442+03:00  INFO 21352 --- [map-service] [restartedMain] o.f.core.internal.command.DbMigrate      : Schema "public" is up to date. No migration necessary.
2026-06-03T00:17:08.530+03:00  INFO 21352 --- [map-service] [restartedMain] o.hibernate.jpa.internal.util.LogHelper  : HHH000204: Processing PersistenceUnitInfo [name: default]
2026-06-03T00:17:08.569+03:00  INFO 21352 --- [map-service] [restartedMain] org.hibernate.Version                    : HHH000412: Hibernate ORM core version 6.6.22.Final
2026-06-03T00:17:08.603+03:00  INFO 21352 --- [map-service] [restartedMain] o.h.c.internal.RegionFactoryInitiator    : HHH000026: Second-level cache disabled
2026-06-03T00:17:08.814+03:00  INFO 21352 --- [map-service] [restartedMain] o.s.o.j.p.SpringPersistenceUnitInfo      : No LoadTimeWeaver setup: ignoring JPA class transformer
2026-06-03T00:17:08.884+03:00  INFO 21352 --- [map-service] [restartedMain] org.hibernate.orm.connections.pooling    : HHH10001005: Database info:
	Database JDBC URL [Connecting through datasource 'HikariDataSource (HikariPool-1)']
	Database driver: undefined/unknown
	Database version: 18.1
	Autocommit mode: undefined/unknown
	Isolation level: undefined/unknown
	Minimum pool size: undefined/unknown
	Maximum pool size: undefined/unknown
2026-06-03T00:17:09.771+03:00  INFO 21352 --- [map-service] [restartedMain] o.h.e.t.j.p.i.JtaPlatformInitiator       : HHH000489: No JTA platform available (set 'hibernate.transaction.jta.platform' to enable JTA platform integration)
2026-06-03T00:17:09.773+03:00  INFO 21352 --- [map-service] [restartedMain] j.LocalContainerEntityManagerFactoryBean : Initialized JPA EntityManagerFactory for persistence unit 'default'
2026-06-03T00:17:10.000+03:00  INFO 21352 --- [map-service] [restartedMain] o.s.d.j.r.query.QueryEnhancerFactory     : Hibernate is in classpath; If applicable, HQL parser will be used.
2026-06-03T00:17:11.105+03:00  WARN 21352 --- [map-service] [restartedMain] JpaBaseConfiguration$JpaWebConfiguration : spring.jpa.open-in-view is enabled by default. Therefore, database queries may be performed during view rendering. Explicitly configure spring.jpa.open-in-view to disable this warning
2026-06-03T00:17:11.361+03:00  INFO 21352 --- [map-service] [restartedMain] o.s.b.a.e.web.EndpointLinksResolver      : Exposing 4 endpoints beneath base path '/actuator'
2026-06-03T00:17:11.396+03:00  WARN 21352 --- [map-service] [restartedMain] .s.s.UserDetailsServiceAutoConfiguration : 

Using generated security password: 64684661-42d2-42ec-a19f-159a9542a439

This generated password is for development use only. Your security configuration must be updated before running your application in production.

2026-06-03T00:17:11.405+03:00  INFO 21352 --- [map-service] [restartedMain] r$InitializeUserDetailsManagerConfigurer : Global AuthenticationManager configured with UserDetailsService bean with name inMemoryUserDetailsManager
2026-06-03T00:17:11.835+03:00  INFO 21352 --- [map-service] [restartedMain] o.s.b.a.h2.H2ConsoleAutoConfiguration    : H2 console available at '/h2-console'. Database available at 'jdbc:postgresql://localhost:5432/office_map'
2026-06-03T00:17:11.875+03:00  INFO 21352 --- [map-service] [restartedMain] o.s.b.d.a.OptionalLiveReloadServer       : LiveReload server is running on port 35729
2026-06-03T00:17:11.934+03:00  INFO 21352 --- [map-service] [restartedMain] o.s.b.w.embedded.tomcat.TomcatWebServer  : Tomcat started on port 8080 (http) with context path '/'
2026-06-03T00:17:11.945+03:00  INFO 21352 --- [map-service] [restartedMain] c.t1.map_service.MapServiceApplication   : Started MapServiceApplication in 6.681 seconds (process running for 7.219)
2026-06-03T00:17:27.754+03:00  INFO 21352 --- [map-service] [http-nio-8080-exec-1] o.a.c.c.C.[Tomcat].[localhost].[/]       : Initializing Spring DispatcherServlet 'dispatcherServlet'
2026-06-03T00:17:27.755+03:00  INFO 21352 --- [map-service] [http-nio-8080-exec-1] o.s.web.servlet.DispatcherServlet        : Initializing Servlet 'dispatcherServlet'
2026-06-03T00:17:27.758+03:00  INFO 21352 --- [map-service] [http-nio-8080-exec-1] o.s.web.servlet.DispatcherServlet        : Completed initialization in 3 ms
2026-06-03T00:29:36.049+03:00  INFO 21352 --- [map-service] [http-nio-8080-exec-10] c.t.m.service.impl.OfficeServiceImpl     : Office created (officeId=13, address=Hin Yerevantsi St)
2026-06-03T00:29:45.756+03:00  WARN 21352 --- [map-service] [http-nio-8080-exec-7] .m.m.a.ExceptionHandlerExceptionResolver : Resolved [org.springframework.web.method.annotation.MethodArgumentTypeMismatchException: Method parameter 'floorId': Failed to convert value of type 'java.lang.String' to required type 'java.lang.Long'; For input string: "NaN"]
2026-06-03T00:29:45.756+03:00  WARN 21352 --- [map-service] [http-nio-8080-exec-8] .m.m.a.ExceptionHandlerExceptionResolver : Resolved [org.springframework.web.method.annotation.MethodArgumentTypeMismatchException: Method parameter 'floorId': Failed to convert value of type 'java.lang.String' to required type 'java.lang.Long'; For input string: "NaN"]
2026-06-03T00:29:45.773+03:00  WARN 21352 --- [map-service] [http-nio-8080-exec-6] ration$PageModule$WarningLoggingModifier : Serializing PageImpl instances as-is is not supported, meaning that there is no guarantee about the stability of the resulting JSON structure!
	For a stable JSON structure, please use Spring Data's PagedModel (globally via @EnableSpringDataWebSupport(pageSerializationMode = VIA_DTO))
	or Spring HATEOAS and Spring Data's PagedResourcesAssembler as documented in https://docs.spring.io/spring-data/commons/reference/repositories/core-extensions.html#core.web.pageables.

2026-06-03T00:50:50.591+03:00  INFO 21352 --- [map-service] [SpringApplicationShutdownHook] o.s.b.w.e.tomcat.GracefulShutdown        : Commencing graceful shutdown. Waiting for active requests to complete
2026-06-03T00:50:50.597+03:00  INFO 21352 --- [map-service] [tomcat-shutdown] o.s.b.w.e.tomcat.GracefulShutdown        : Graceful shutdown complete
2026-06-03T00:50:50.604+03:00  INFO 21352 --- [map-service] [SpringApplicationShutdownHook] j.LocalContainerEntityManagerFactoryBean : Closing JPA EntityManagerFactory for persistence unit 'default'
2026-06-03T00:50:50.608+03:00  INFO 21352 --- [map-service] [SpringApplicationShutdownHook] com.zaxxer.hikari.HikariDataSource       : HikariPool-1 - Shutdown initiated...
2026-06-03T00:50:50.610+03:00  INFO 21352 --- [map-service] [SpringApplicationShutdownHook] com.zaxxer.hikari.HikariDataSource       : HikariPool-1 - Shutdown completed.
